// Jest Snapshot v1, https://goo.gl/fbAQLP

exports[`Login button is the button name displayed correctly 1`] = `
<button
  className="button"
>
  <a
    href="/"
    onClick={[Function]}
    onMouseEnter={[Function]}
    onTouchStart={[Function]}
  >
    React
  </a>
</button>
`;
